<html>
<body>
<pre>
<h1>µVision Build Log</h1>
<h2>Project:</h2>
Z:\home\quest\Music\cortex\Interrupts\Int_Timer\int_timer.uvproj
Project File Date:  07/31/2018

<h2>Output:</h2>
Build target 'Target 1'
assembling startup_LPC17xx.s...
compiling timer.cpp...
linking...
Program Size: Code=540 RO-data=228 RW-data=0 ZI-data=608  
"int_timer.axf" - 0 Error(s), 0 Warning(s).
Build target 'Target 1'
assembling startup_LPC17xx.s...
compiling timer.cpp...
linking...
Program Size: Code=540 RO-data=228 RW-data=0 ZI-data=608  
"int_timer.axf" - 0 Error(s), 0 Warning(s).
Build target 'Target 1'
assembling startup_LPC17xx.s...
compiling timer.cpp...
ARM.CMSIS.5.3.0.pack: error - custom translator properties not set
Target not created
Build target 'Target 1'
assembling startup_LPC17xx.s...
compiling timer.cpp...
linking...
Program Size: Code=540 RO-data=228 RW-data=0 ZI-data=608  
"int_timer.axf" - 0 Error(s), 0 Warning(s).
Build target 'Target 1'
assembling startup_LPC17xx.s...
compiling timer.cpp...
linking...
Program Size: Code=540 RO-data=228 RW-data=0 ZI-data=608  
"int_timer.axf" - 0 Error(s), 0 Warning(s).
Load "Z:\\home\\quest\\Music\\cortex\\Interrupts\\Int_Timer\\int_timer.AXF" 
USB Communication Failure
Build target 'Target 1'
assembling startup_LPC17xx.s...
compiling timer.cpp...
timer.cpp(21): warning:  #111-D: statement is unreachable
timer.cpp(31): warning:  #1-D: last line of file ends without a newline
linking...
Program Size: Code=540 RO-data=228 RW-data=0 ZI-data=608  
"int_timer.axf" - 0 Error(s), 2 Warning(s).
Build target 'Target 1'
assembling startup_LPC17xx.s...
compiling timer.cpp...
timer.cpp(21): warning:  #111-D: statement is unreachable
linking...
Program Size: Code=540 RO-data=228 RW-data=0 ZI-data=608  
"int_timer.axf" - 0 Error(s), 1 Warning(s).
Build target 'Target 1'
assembling startup_LPC17xx.s...
compiling timer.cpp...
linking...
Program Size: Code=540 RO-data=228 RW-data=0 ZI-data=608  
"int_timer.axf" - 0 Error(s), 0 Warning(s).
Build target 'Target 1'
assembling startup_LPC17xx.s...
compiling timer.cpp...
linking...
int_timer.axf: error: L6007U: Could not recognize the format of file ..\..\..\..\Downloads\ARM.CMSIS.5.3.0.pack.
Target not created
Build target 'Target 1'
assembling startup_LPC17xx.s...
compiling timer.cpp...
linking...
Program Size: Code=540 RO-data=228 RW-data=0 ZI-data=608  
"int_timer.axf" - 0 Error(s), 0 Warning(s).
Build target 'Target 1'
assembling startup_LPC17xx.s...
compiling timer.cpp...
linking...
Program Size: Code=548 RO-data=220 RW-data=0 ZI-data=608  
"int_timer.axf" - 0 Error(s), 0 Warning(s).
Build target 'Target 1'
assembling startup_LPC17xx.s...
compiling timer.cpp...
linking...
Program Size: Code=548 RO-data=220 RW-data=0 ZI-data=608  
"int_timer.axf" - 0 Error(s), 0 Warning(s).
Build target 'Target 1'
assembling startup_LPC17xx.s...
compiling timer.cpp...
linking...
Program Size: Code=548 RO-data=220 RW-data=0 ZI-data=608  
FromELF: creating hex file...
"int_timer.axf" - 0 Error(s), 0 Warning(s).
Build target 'Target 1'
assembling startup_LPC17xx.s...
compiling timer.cpp...
timer.cpp(12): error:  #20: identifier "IRQn_t" is undefined
timer.cpp(12): error:  #18: expected a ")"
timer.cpp(12): error:  #20: identifier "SetPriority" is undefined
Target not created
Build target 'Target 1'
compiling timer.cpp...
timer.cpp(12): error:  #20: identifier "timer0_IRQn" is undefined
timer.cpp(12): error:  #20: identifier "SetPriority" is undefined
Target not created
Build target 'Target 1'
compiling timer.cpp...
timer.cpp(12): error:  #20: identifier "SetPriority" is undefined
Target not created
Build target 'Target 1'
compiling timer.cpp...
linking...
Program Size: Code=608 RO-data=220 RW-data=0 ZI-data=608  
FromELF: creating hex file...
"int_timer.axf" - 0 Error(s), 0 Warning(s).
Build target 'Target 1'
assembling startup_LPC17xx.s...
compiling timer.cpp...
linking...
Program Size: Code=608 RO-data=220 RW-data=0 ZI-data=608  
FromELF: creating hex file...
"int_timer.axf" - 0 Error(s), 0 Warning(s).
Build target 'Target 1'
assembling startup_LPC17xx.s...
compiling timer.cpp...
linking...
Program Size: Code=592 RO-data=220 RW-data=0 ZI-data=608  
FromELF: creating hex file...
"int_timer.axf" - 0 Error(s), 0 Warning(s).
Build target 'Target 1'
assembling startup_LPC17xx.s...
compiling timer.cpp...
linking...
Program Size: Code=592 RO-data=220 RW-data=0 ZI-data=608  
FromELF: creating hex file...
"int_timer.axf" - 0 Error(s), 0 Warning(s).
Build target 'Target 1'
assembling startup_LPC17xx.s...
compiling timer.cpp...
linking...
Program Size: Code=640 RO-data=236 RW-data=4 ZI-data=612  
FromELF: creating hex file...
"int_timer.axf" - 0 Error(s), 0 Warning(s).
Build target 'Target 1'
assembling startup_LPC17xx.s...
compiling timer.cpp...
linking...
int_timer.axf: error: L6007U: Could not recognize the format of file ..\..\..\..\Downloads\ARM.CMSIS.5.3.0.pack.
Target not created
Build target 'Target 1'
assembling startup_LPC17xx.s...
compiling timer.cpp...
linking...
Program Size: Code=640 RO-data=236 RW-data=4 ZI-data=612  
FromELF: creating hex file...
"int_timer.axf" - 0 Error(s), 0 Warning(s).
