Archive member included because of file (symbol)

c:/winavr-20071221/bin/../lib/gcc/avr/4.2.2/avr5\libgcc.a(_mulsi3.o)
                              ucos_ii.o (__mulsi3)
c:/winavr-20071221/bin/../lib/gcc/avr/4.2.2/avr5\libgcc.a(_udivmodsi4.o)
                              ucos_ii.o (__udivmodsi4)
c:/winavr-20071221/bin/../lib/gcc/avr/4.2.2/avr5\libgcc.a(_exit.o)
                              c:/winavr-20071221/bin/../lib/gcc/avr/4.2.2/../../../../avr/lib/avr5/crtm128.o (exit)
c:/winavr-20071221/bin/../lib/gcc/avr/4.2.2/avr5\libgcc.a(_clear_bss.o)
                              new.o (__do_clear_bss)
c:/winavr-20071221/bin/../lib/gcc/avr/4.2.2/../../../../avr/lib/avr5\libc.a(sprintf.o)
                              new.o (sprintf)
c:/winavr-20071221/bin/../lib/gcc/avr/4.2.2/../../../../avr/lib/avr5\libc.a(vfprintf_std.o)
                              c:/winavr-20071221/bin/../lib/gcc/avr/4.2.2/../../../../avr/lib/avr5\libc.a(sprintf.o) (vfprintf)
c:/winavr-20071221/bin/../lib/gcc/avr/4.2.2/../../../../avr/lib/avr5\libc.a(strnlen_P.o)
                              c:/winavr-20071221/bin/../lib/gcc/avr/4.2.2/../../../../avr/lib/avr5\libc.a(vfprintf_std.o) (strnlen_P)
c:/winavr-20071221/bin/../lib/gcc/avr/4.2.2/../../../../avr/lib/avr5\libc.a(strnlen.o)
                              c:/winavr-20071221/bin/../lib/gcc/avr/4.2.2/../../../../avr/lib/avr5\libc.a(vfprintf_std.o) (strnlen)
c:/winavr-20071221/bin/../lib/gcc/avr/4.2.2/../../../../avr/lib/avr5\libc.a(fputc.o)
                              c:/winavr-20071221/bin/../lib/gcc/avr/4.2.2/../../../../avr/lib/avr5\libc.a(vfprintf_std.o) (fputc)
c:/winavr-20071221/bin/../lib/gcc/avr/4.2.2/../../../../avr/lib/avr5\libc.a(ultoa_invert.o)
                              c:/winavr-20071221/bin/../lib/gcc/avr/4.2.2/../../../../avr/lib/avr5\libc.a(vfprintf_std.o) (__ultoa_invert)
c:/winavr-20071221/bin/../lib/gcc/avr/4.2.2/avr5\libgcc.a(_prologue.o)
                              c:/winavr-20071221/bin/../lib/gcc/avr/4.2.2/../../../../avr/lib/avr5\libc.a(sprintf.o) (__prologue_saves__)
c:/winavr-20071221/bin/../lib/gcc/avr/4.2.2/avr5\libgcc.a(_epilogue.o)
                              c:/winavr-20071221/bin/../lib/gcc/avr/4.2.2/../../../../avr/lib/avr5\libc.a(sprintf.o) (__epilogue_restores__)

Allocating common symbols
Common symbol       size              file

OSLockNesting       0x1               ucos_ii.o
OSRunning           0x1               ucos_ii.o
OSIdleCtr           0x4               ucos_ii.o
OSPrioHighRdy       0x1               ucos_ii.o
OSPrioCur           0x1               ucos_ii.o
OSTCBList           0x2               ucos_ii.o
OSTaskStatStk       0x80              ucos_ii.o
OSCtxSwCtr          0x4               ucos_ii.o
s1                  0x80              new.o
OSIdleCtrMax        0x4               ucos_ii.o
OSTCBFreeList       0x2               ucos_ii.o
OSCPUUsage          0x1               ucos_ii.o
OSTaskCtr           0x1               ucos_ii.o
OSTCBHighRdy        0x2               ucos_ii.o
OSRdyGrp            0x1               ucos_ii.o
d                   0x14              new.o
OSRdyTbl            0x2               ucos_ii.o
result              0x2               new.o
s2                  0x80              new.o
OSEventFreeList     0x2               ucos_ii.o
OSIntExitY          0x1               ucos_ii.o
OSIntNesting        0x1               ucos_ii.o
OSTCBCur            0x2               ucos_ii.o
OSTaskIdleStk       0x80              ucos_ii.o
OSEventTbl          0x18              ucos_ii.o
OSTCBTbl            0xf7              ucos_ii.o
OSStatRdy           0x1               ucos_ii.o
OSTCBPrioTbl        0x1a              ucos_ii.o
OSIdleCtrRun        0x4               ucos_ii.o

Memory Configuration

Name             Origin             Length             Attributes
text             0x00000000         0x00020000         xr
data             0x00800060         0x0000ffa0         rw !x
eeprom           0x00810000         0x00010000         rw !x
fuse             0x00820000         0x00000400         rw !x
lock             0x00830000         0x00000400         rw !x
signature        0x00840000         0x00000400         rw !x
*default*        0x00000000         0xffffffff

Linker script and memory map

Address of section .data set to 0x800100
LOAD c:/winavr-20071221/bin/../lib/gcc/avr/4.2.2/../../../../avr/lib/avr5/crtm128.o
LOAD new.o
LOAD os_cpu_c.o
LOAD ucos_ii.o
LOAD os_cpu_a.o
LOAD c:/winavr-20071221/bin/../lib/gcc/avr/4.2.2/avr5\libgcc.a
LOAD c:/winavr-20071221/bin/../lib/gcc/avr/4.2.2/../../../../avr/lib/avr5\libc.a
LOAD c:/winavr-20071221/bin/../lib/gcc/avr/4.2.2/avr5\libgcc.a

.hash
 *(.hash)

.dynsym
 *(.dynsym)

.dynstr
 *(.dynstr)

.gnu.version
 *(.gnu.version)

.gnu.version_d
 *(.gnu.version_d)

.gnu.version_r
 *(.gnu.version_r)

.rel.init
 *(.rel.init)

.rela.init
 *(.rela.init)

.rel.text
 *(.rel.text)
 *(.rel.text.*)
 *(.rel.gnu.linkonce.t*)

.rela.text
 *(.rela.text)
 *(.rela.text.*)
 *(.rela.gnu.linkonce.t*)

.rel.fini
 *(.rel.fini)

.rela.fini
 *(.rela.fini)

.rel.rodata
 *(.rel.rodata)
 *(.rel.rodata.*)
 *(.rel.gnu.linkonce.r*)

.rela.rodata
 *(.rela.rodata)
 *(.rela.rodata.*)
 *(.rela.gnu.linkonce.r*)

.rel.data
 *(.rel.data)
 *(.rel.data.*)
 *(.rel.gnu.linkonce.d*)

.rela.data
 *(.rela.data)
 *(.rela.data.*)
 *(.rela.gnu.linkonce.d*)

.rel.ctors
 *(.rel.ctors)

.rela.ctors
 *(.rela.ctors)

.rel.dtors
 *(.rel.dtors)

.rela.dtors
 *(.rela.dtors)

.rel.got
 *(.rel.got)

.rela.got
 *(.rela.got)

.rel.bss
 *(.rel.bss)

.rela.bss
 *(.rela.bss)

.rel.plt
 *(.rel.plt)

.rela.plt
 *(.rela.plt)

.text           0x00000000     0x2e2c
 *(.vectors)
 .vectors       0x00000000       0x8c c:/winavr-20071221/bin/../lib/gcc/avr/4.2.2/../../../../avr/lib/avr5/crtm128.o
                0x00000000                __vectors
                0x00000000                __vector_default
 *(.vectors)
 *(.progmem.gcc*)
 *(.progmem*)
                0x0000008c                . = ALIGN (0x2)
                0x0000008c                __trampolines_start = .
 *(.trampolines)
 .trampolines   0x0000008c        0x0 linker stubs
 *(.trampolines*)
                0x0000008c                __trampolines_end = .
 *(.jumptables)
 *(.jumptables*)
 *(.lowtext)
 *(.lowtext*)
                0x0000008c                __ctors_start = .
 *(.ctors)
                0x0000008c                __ctors_end = .
                0x0000008c                __dtors_start = .
 *(.dtors)
                0x0000008c                __dtors_end = .
 SORT(*)(.ctors)
 SORT(*)(.dtors)
 *(.init0)
 .init0         0x0000008c        0x0 c:/winavr-20071221/bin/../lib/gcc/avr/4.2.2/../../../../avr/lib/avr5/crtm128.o
                0x0000008c                __init
 *(.init0)
 *(.init1)
 *(.init1)
 *(.init2)
 .init2         0x0000008c        0xc c:/winavr-20071221/bin/../lib/gcc/avr/4.2.2/../../../../avr/lib/avr5/crtm128.o
 *(.init2)
 *(.init3)
 *(.init3)
 *(.init4)
 .init4         0x00000098       0x1a c:/winavr-20071221/bin/../lib/gcc/avr/4.2.2/../../../../avr/lib/avr5/crtm128.o
                0x00000098                __do_copy_data
 .init4         0x000000b2       0x10 c:/winavr-20071221/bin/../lib/gcc/avr/4.2.2/avr5\libgcc.a(_clear_bss.o)
                0x000000b2                __do_clear_bss
 *(.init4)
 *(.init5)
 *(.init5)
 *(.init6)
 *(.init6)
 *(.init7)
 *(.init7)
 *(.init8)
 *(.init8)
 *(.init9)
 .init9         0x000000c2        0x8 c:/winavr-20071221/bin/../lib/gcc/avr/4.2.2/../../../../avr/lib/avr5/crtm128.o
 *(.init9)
 *(.text)
 .text          0x000000ca        0x4 c:/winavr-20071221/bin/../lib/gcc/avr/4.2.2/../../../../avr/lib/avr5/crtm128.o
                0x000000ca                __vector_22
                0x000000ca                __vector_28
                0x000000ca                __vector_1
                0x000000ca                __vector_32
                0x000000ca                __vector_34
                0x000000ca                __vector_24
                0x000000ca                __vector_12
                0x000000ca                __bad_interrupt
                0x000000ca                __vector_6
                0x000000ca                __vector_31
                0x000000ca                __vector_3
                0x000000ca                __vector_23
                0x000000ca                __vector_30
                0x000000ca                __vector_25
                0x000000ca                __vector_11
                0x000000ca                __vector_13
                0x000000ca                __vector_17
                0x000000ca                __vector_19
                0x000000ca                __vector_7
                0x000000ca                __vector_27
                0x000000ca                __vector_5
                0x000000ca                __vector_33
                0x000000ca                __vector_4
                0x000000ca                __vector_9
                0x000000ca                __vector_2
                0x000000ca                __vector_21
                0x000000ca                __vector_15
                0x000000ca                __vector_29
                0x000000ca                __vector_8
                0x000000ca                __vector_26
                0x000000ca                __vector_14
                0x000000ca                __vector_10
                0x000000ca                __vector_18
                0x000000ca                __vector_20
 .text          0x000000ce      0x158 new.o
                0x0000013e                adc
                0x000000ce                main
                0x000001c4                uart
 .text          0x00000226      0x37a os_cpu_c.o
                0x000004ce                OSTaskCreateHook
                0x00000530                OSTaskStatHook
                0x0000054c                OSInitHookBegin
                0x000004f8                OSTaskDelHook
                0x0000053e                OSTimeTickHook
                0x00000576                OSTCBInitHook
                0x00000226                OSTaskStkInit
                0x0000055a                OSInitHookEnd
                0x00000522                OSTaskSwHook
                0x00000568                OSTaskIdleHook
 .text          0x000005a0     0x1fbe ucos_ii.o
                0x000005ce                OSIntEnter
                0x00001134                OS_TCBInit
                0x00001d52                OSTaskCreate
                0x00001e70                OSTaskDel
                0x0000164e                OSMutexPend
                0x000005f6                OSIntExit
                0x00000ef6                OS_Sched
                0x00001be6                OSSemPend
                0x000014b4                OSMboxPost
                0x0000100c                OS_TaskStat
                0x0000094a                OS_EventTaskRdy
                0x00002304                OSTimeDly
                0x000023b0                OSTimeDlyHMSM
                0x00001cca                OSSemPost
                0x000006fa                OSSchedUnlock
                0x000007ea                OSStatInit
                0x0000093c                OS_Dummy
                0x00000abc                OS_EventTaskWait
                0x0000209a                OSTaskDelReq
                0x0000153a                OSMutexCreate
                0x00000742                OSStart
                0x00002126                OSTaskResume
                0x00000846                OSTimeTick
                0x00001b46                OSSemCreate
                0x000006ce                OSSchedLock
                0x000012fe                OSMboxCreate
                0x0000139e                OSMboxPend
                0x000018d0                OSMutexPost
                0x000005a0                OSInit
                0x00000bb4                OS_EventTO
                0x0000092a                OSVersion
                0x00000c6c                OS_EventWaitListInit
                0x0000220c                OSTaskSuspend
                0x00000fc4                OS_TaskIdle
 .text          0x0000255e      0x262 os_cpu_a.o
                0x0000255e                OSStartHighRdy
                0x000025c6                OSCtxSw
                0x0000268c                OSIntCtxSw
                0x000026fa                OSTickISR
                0x000026fa                __vector_16
 .text          0x000027c0        0x0 c:/winavr-20071221/bin/../lib/gcc/avr/4.2.2/avr5\libgcc.a(_mulsi3.o)
 .text          0x000027c0        0x0 c:/winavr-20071221/bin/../lib/gcc/avr/4.2.2/avr5\libgcc.a(_udivmodsi4.o)
 .text          0x000027c0        0x0 c:/winavr-20071221/bin/../lib/gcc/avr/4.2.2/avr5\libgcc.a(_exit.o)
 .text          0x000027c0        0x0 c:/winavr-20071221/bin/../lib/gcc/avr/4.2.2/avr5\libgcc.a(_clear_bss.o)
 .text          0x000027c0       0x4a c:/winavr-20071221/bin/../lib/gcc/avr/4.2.2/../../../../avr/lib/avr5\libc.a(sprintf.o)
                0x000027c0                sprintf
 .text          0x0000280a      0x3f0 c:/winavr-20071221/bin/../lib/gcc/avr/4.2.2/../../../../avr/lib/avr5\libc.a(vfprintf_std.o)
                0x0000280a                vfprintf
 .text          0x00002bfa       0x16 c:/winavr-20071221/bin/../lib/gcc/avr/4.2.2/../../../../avr/lib/avr5\libc.a(strnlen_P.o)
                0x00002bfa                strnlen_P
 .text          0x00002c10       0x16 c:/winavr-20071221/bin/../lib/gcc/avr/4.2.2/../../../../avr/lib/avr5\libc.a(strnlen.o)
                0x00002c10                strnlen
 .text          0x00002c26       0x58 c:/winavr-20071221/bin/../lib/gcc/avr/4.2.2/../../../../avr/lib/avr5\libc.a(fputc.o)
                0x00002c26                fputc
 .text          0x00002c7e       0xbc c:/winavr-20071221/bin/../lib/gcc/avr/4.2.2/../../../../avr/lib/avr5\libc.a(ultoa_invert.o)
                0x00002c7e                __ultoa_invert
 .text          0x00002d3a        0x0 c:/winavr-20071221/bin/../lib/gcc/avr/4.2.2/avr5\libgcc.a(_prologue.o)
 .text          0x00002d3a        0x0 c:/winavr-20071221/bin/../lib/gcc/avr/4.2.2/avr5\libgcc.a(_epilogue.o)
                0x00002d3a                . = ALIGN (0x2)
 *(.text.*)
 .text.libgcc   0x00002d3a       0x3e c:/winavr-20071221/bin/../lib/gcc/avr/4.2.2/avr5\libgcc.a(_mulsi3.o)
                0x00002d3a                __mulsi3
 .text.libgcc   0x00002d78       0x44 c:/winavr-20071221/bin/../lib/gcc/avr/4.2.2/avr5\libgcc.a(_udivmodsi4.o)
                0x00002d78                __udivmodsi4
 .text.libgcc   0x00002dbc        0x0 c:/winavr-20071221/bin/../lib/gcc/avr/4.2.2/avr5\libgcc.a(_exit.o)
 .text.libgcc   0x00002dbc        0x0 c:/winavr-20071221/bin/../lib/gcc/avr/4.2.2/avr5\libgcc.a(_clear_bss.o)
 .text.libgcc   0x00002dbc       0x38 c:/winavr-20071221/bin/../lib/gcc/avr/4.2.2/avr5\libgcc.a(_prologue.o)
                0x00002dbc                __prologue_saves__
 .text.libgcc   0x00002df4       0x36 c:/winavr-20071221/bin/../lib/gcc/avr/4.2.2/avr5\libgcc.a(_epilogue.o)
                0x00002df4                __epilogue_restores__
                0x00002e2a                . = ALIGN (0x2)
 *(.fini9)
 .fini9         0x00002e2a        0x0 c:/winavr-20071221/bin/../lib/gcc/avr/4.2.2/avr5\libgcc.a(_exit.o)
                0x00002e2a                exit
                0x00002e2a                _exit
 *(.fini9)
 *(.fini8)
 *(.fini8)
 *(.fini7)
 *(.fini7)
 *(.fini6)
 *(.fini6)
 *(.fini5)
 *(.fini5)
 *(.fini4)
 *(.fini4)
 *(.fini3)
 *(.fini3)
 *(.fini2)
 *(.fini2)
 *(.fini1)
 *(.fini1)
 *(.fini0)
 .fini0         0x00002e2a        0x2 c:/winavr-20071221/bin/../lib/gcc/avr/4.2.2/avr5\libgcc.a(_exit.o)
 *(.fini0)
                0x00002e2c                _etext = .

.data           0x00800100      0x110 load address 0x00002e2c
                0x00800100                PROVIDE (__data_start, .)
 *(.data)
 .data          0x00800100        0x0 c:/winavr-20071221/bin/../lib/gcc/avr/4.2.2/../../../../avr/lib/avr5/crtm128.o
 .data          0x00800100        0x8 new.o
 .data          0x00800108        0x0 os_cpu_c.o
 .data          0x00800108      0x108 ucos_ii.o
                0x00800108                OSMapTbl
                0x00800110                OSUnMapTbl
 .data          0x00800210        0x0 os_cpu_a.o
 .data          0x00800210        0x0 c:/winavr-20071221/bin/../lib/gcc/avr/4.2.2/avr5\libgcc.a(_mulsi3.o)
 .data          0x00800210        0x0 c:/winavr-20071221/bin/../lib/gcc/avr/4.2.2/avr5\libgcc.a(_udivmodsi4.o)
 .data          0x00800210        0x0 c:/winavr-20071221/bin/../lib/gcc/avr/4.2.2/avr5\libgcc.a(_exit.o)
 .data          0x00800210        0x0 c:/winavr-20071221/bin/../lib/gcc/avr/4.2.2/avr5\libgcc.a(_clear_bss.o)
 .data          0x00800210        0x0 c:/winavr-20071221/bin/../lib/gcc/avr/4.2.2/../../../../avr/lib/avr5\libc.a(sprintf.o)
 .data          0x00800210        0x0 c:/winavr-20071221/bin/../lib/gcc/avr/4.2.2/../../../../avr/lib/avr5\libc.a(vfprintf_std.o)
 .data          0x00800210        0x0 c:/winavr-20071221/bin/../lib/gcc/avr/4.2.2/../../../../avr/lib/avr5\libc.a(strnlen_P.o)
 .data          0x00800210        0x0 c:/winavr-20071221/bin/../lib/gcc/avr/4.2.2/../../../../avr/lib/avr5\libc.a(strnlen.o)
 .data          0x00800210        0x0 c:/winavr-20071221/bin/../lib/gcc/avr/4.2.2/../../../../avr/lib/avr5\libc.a(fputc.o)
 .data          0x00800210        0x0 c:/winavr-20071221/bin/../lib/gcc/avr/4.2.2/../../../../avr/lib/avr5\libc.a(ultoa_invert.o)
 .data          0x00800210        0x0 c:/winavr-20071221/bin/../lib/gcc/avr/4.2.2/avr5\libgcc.a(_prologue.o)
 .data          0x00800210        0x0 c:/winavr-20071221/bin/../lib/gcc/avr/4.2.2/avr5\libgcc.a(_epilogue.o)
 *(.data*)
 *(.rodata)
 *(.rodata*)
 *(.gnu.linkonce.d*)
                0x00800210                . = ALIGN (0x2)
                0x00800210                _edata = .
                0x00800210                PROVIDE (__data_end, .)

.bss            0x00800210      0x365 load address 0x00002f3c
                0x00800210                PROVIDE (__bss_start, .)
 *(.bss)
 .bss           0x00800210        0x0 c:/winavr-20071221/bin/../lib/gcc/avr/4.2.2/../../../../avr/lib/avr5/crtm128.o
 .bss           0x00800210        0x0 new.o
 .bss           0x00800210        0x0 os_cpu_c.o
 .bss           0x00800210        0x0 ucos_ii.o
 .bss           0x00800210        0x0 os_cpu_a.o
 .bss           0x00800210        0x0 c:/winavr-20071221/bin/../lib/gcc/avr/4.2.2/avr5\libgcc.a(_mulsi3.o)
 .bss           0x00800210        0x0 c:/winavr-20071221/bin/../lib/gcc/avr/4.2.2/avr5\libgcc.a(_udivmodsi4.o)
 .bss           0x00800210        0x0 c:/winavr-20071221/bin/../lib/gcc/avr/4.2.2/avr5\libgcc.a(_exit.o)
 .bss           0x00800210        0x0 c:/winavr-20071221/bin/../lib/gcc/avr/4.2.2/avr5\libgcc.a(_clear_bss.o)
 .bss           0x00800210        0x0 c:/winavr-20071221/bin/../lib/gcc/avr/4.2.2/../../../../avr/lib/avr5\libc.a(sprintf.o)
 .bss           0x00800210        0x0 c:/winavr-20071221/bin/../lib/gcc/avr/4.2.2/../../../../avr/lib/avr5\libc.a(vfprintf_std.o)
 .bss           0x00800210        0x0 c:/winavr-20071221/bin/../lib/gcc/avr/4.2.2/../../../../avr/lib/avr5\libc.a(strnlen_P.o)
 .bss           0x00800210        0x0 c:/winavr-20071221/bin/../lib/gcc/avr/4.2.2/../../../../avr/lib/avr5\libc.a(strnlen.o)
 .bss           0x00800210        0x0 c:/winavr-20071221/bin/../lib/gcc/avr/4.2.2/../../../../avr/lib/avr5\libc.a(fputc.o)
 .bss           0x00800210        0x0 c:/winavr-20071221/bin/../lib/gcc/avr/4.2.2/../../../../avr/lib/avr5\libc.a(ultoa_invert.o)
 .bss           0x00800210        0x0 c:/winavr-20071221/bin/../lib/gcc/avr/4.2.2/avr5\libgcc.a(_prologue.o)
 .bss           0x00800210        0x0 c:/winavr-20071221/bin/../lib/gcc/avr/4.2.2/avr5\libgcc.a(_epilogue.o)
 *(.bss*)
 *(COMMON)
 COMMON         0x00800210      0x116 new.o
                0x00800210                s1
                0x00800290                d
                0x008002a4                result
                0x008002a6                s2
 COMMON         0x00800326      0x24f ucos_ii.o
                0x00800326                OSLockNesting
                0x00800327                OSRunning
                0x00800328                OSIdleCtr
                0x0080032c                OSPrioHighRdy
                0x0080032d                OSPrioCur
                0x0080032e                OSTCBList
                0x00800330                OSTaskStatStk
                0x008003b0                OSCtxSwCtr
                0x008003b4                OSIdleCtrMax
                0x008003b8                OSTCBFreeList
                0x008003ba                OSCPUUsage
                0x008003bb                OSTaskCtr
                0x008003bc                OSTCBHighRdy
                0x008003be                OSRdyGrp
                0x008003bf                OSRdyTbl
                0x008003c1                OSEventFreeList
                0x008003c3                OSIntExitY
                0x008003c4                OSIntNesting
                0x008003c5                OSTCBCur
                0x008003c7                OSTaskIdleStk
                0x00800447                OSEventTbl
                0x0080045f                OSTCBTbl
                0x00800556                OSStatRdy
                0x00800557                OSTCBPrioTbl
                0x00800571                OSIdleCtrRun
                0x00800575                PROVIDE (__bss_end, .)
                0x00002e2c                __data_load_start = LOADADDR (.data)
                0x00002f3c                __data_load_end = (__data_load_start + SIZEOF (.data))

.noinit         0x00800575        0x0
                0x00800575                PROVIDE (__noinit_start, .)
 *(.noinit*)
                0x00800575                PROVIDE (__noinit_end, .)
                0x00800575                _end = .
                0x00800575                PROVIDE (__heap_start, .)

.eeprom         0x00810000        0x0
 *(.eeprom*)
                0x00810000                __eeprom_end = .

.fuse
 *(.fuse)
 *(.lfuse)
 *(.hfuse)
 *(.efuse)

.lock
 *(.lock*)

.signature
 *(.signature*)

.stab           0x00000000      0x798
 *(.stab)
 .stab          0x00000000      0x414 c:/winavr-20071221/bin/../lib/gcc/avr/4.2.2/../../../../avr/lib/avr5/crtm128.o
 .stab          0x00000414      0x384 os_cpu_a.o
                                0x390 (size before relaxing)

.stabstr        0x00000000       0xd6
 *(.stabstr)
 .stabstr       0x00000000       0xd6 c:/winavr-20071221/bin/../lib/gcc/avr/4.2.2/../../../../avr/lib/avr5/crtm128.o

.stab.excl
 *(.stab.excl)

.stab.exclstr
 *(.stab.exclstr)

.stab.index
 *(.stab.index)

.stab.indexstr
 *(.stab.indexstr)

.comment
 *(.comment)

.debug
 *(.debug)

.line
 *(.line)

.debug_srcinfo
 *(.debug_srcinfo)

.debug_sfnames
 *(.debug_sfnames)

.debug_aranges
 *(.debug_aranges)

.debug_pubnames
 *(.debug_pubnames)

.debug_info
 *(.debug_info)
 *(.gnu.linkonce.wi.*)

.debug_abbrev
 *(.debug_abbrev)

.debug_line
 *(.debug_line)

.debug_frame
 *(.debug_frame)

.debug_str
 *(.debug_str)

.debug_loc
 *(.debug_loc)

.debug_macinfo
 *(.debug_macinfo)
OUTPUT(new.elf elf32-avr)
LOAD linker stubs

Cross Reference Table

Symbol                                            File
OSCPUUsage                                        ucos_ii.o
OSCtxSw                                           os_cpu_a.o
                                                  ucos_ii.o
OSCtxSwCtr                                        ucos_ii.o
OSEventFreeList                                   ucos_ii.o
OSEventTbl                                        ucos_ii.o
OSIdleCtr                                         ucos_ii.o
OSIdleCtrMax                                      ucos_ii.o
OSIdleCtrRun                                      ucos_ii.o
OSInit                                            ucos_ii.o
                                                  new.o
OSInitHookBegin                                   os_cpu_c.o
                                                  ucos_ii.o
OSInitHookEnd                                     os_cpu_c.o
                                                  ucos_ii.o
OSIntCtxSw                                        os_cpu_a.o
                                                  ucos_ii.o
OSIntEnter                                        ucos_ii.o
OSIntExit                                         ucos_ii.o
                                                  os_cpu_a.o
OSIntExitY                                        ucos_ii.o
OSIntNesting                                      os_cpu_a.o
                                                  ucos_ii.o
OSLockNesting                                     ucos_ii.o
OSMapTbl                                          ucos_ii.o
OSMboxCreate                                      ucos_ii.o
OSMboxPend                                        ucos_ii.o
OSMboxPost                                        ucos_ii.o
OSMutexCreate                                     ucos_ii.o
OSMutexPend                                       ucos_ii.o
OSMutexPost                                       ucos_ii.o
OSPrioCur                                         os_cpu_a.o
                                                  ucos_ii.o
OSPrioHighRdy                                     os_cpu_a.o
                                                  ucos_ii.o
OSRdyGrp                                          ucos_ii.o
OSRdyTbl                                          ucos_ii.o
OSRunning                                         os_cpu_a.o
                                                  ucos_ii.o
OSSchedLock                                       ucos_ii.o
OSSchedUnlock                                     ucos_ii.o
OSSemCreate                                       ucos_ii.o
OSSemPend                                         ucos_ii.o
OSSemPost                                         ucos_ii.o
OSStart                                           ucos_ii.o
                                                  new.o
OSStartHighRdy                                    os_cpu_a.o
                                                  ucos_ii.o
OSStatInit                                        ucos_ii.o
OSStatRdy                                         ucos_ii.o
OSTCBCur                                          os_cpu_a.o
                                                  ucos_ii.o
OSTCBFreeList                                     ucos_ii.o
OSTCBHighRdy                                      os_cpu_a.o
                                                  ucos_ii.o
OSTCBInitHook                                     os_cpu_c.o
                                                  ucos_ii.o
OSTCBList                                         ucos_ii.o
OSTCBPrioTbl                                      ucos_ii.o
OSTCBTbl                                          ucos_ii.o
OSTaskCreate                                      ucos_ii.o
                                                  new.o
OSTaskCreateHook                                  os_cpu_c.o
                                                  ucos_ii.o
OSTaskCtr                                         ucos_ii.o
OSTaskDel                                         ucos_ii.o
OSTaskDelHook                                     os_cpu_c.o
                                                  ucos_ii.o
OSTaskDelReq                                      ucos_ii.o
OSTaskIdleHook                                    os_cpu_c.o
                                                  ucos_ii.o
OSTaskIdleStk                                     ucos_ii.o
OSTaskResume                                      ucos_ii.o
OSTaskStatHook                                    os_cpu_c.o
                                                  ucos_ii.o
OSTaskStatStk                                     ucos_ii.o
OSTaskStkInit                                     os_cpu_c.o
                                                  ucos_ii.o
OSTaskSuspend                                     ucos_ii.o
OSTaskSwHook                                      os_cpu_c.o
                                                  os_cpu_a.o
OSTickISR                                         os_cpu_a.o
OSTimeDly                                         ucos_ii.o
                                                  new.o
OSTimeDlyHMSM                                     ucos_ii.o
OSTimeTick                                        ucos_ii.o
                                                  os_cpu_a.o
OSTimeTickHook                                    os_cpu_c.o
                                                  ucos_ii.o
OSUnMapTbl                                        ucos_ii.o
OSVersion                                         ucos_ii.o
OS_Dummy                                          ucos_ii.o
OS_EventTO                                        ucos_ii.o
OS_EventTaskRdy                                   ucos_ii.o
OS_EventTaskWait                                  ucos_ii.o
OS_EventWaitListInit                              ucos_ii.o
OS_Sched                                          ucos_ii.o
OS_TCBInit                                        ucos_ii.o
OS_TaskIdle                                       ucos_ii.o
OS_TaskStat                                       ucos_ii.o
__bad_interrupt                                   c:/winavr-20071221/bin/../lib/gcc/avr/4.2.2/../../../../avr/lib/avr5/crtm128.o
__bss_end                                         c:/winavr-20071221/bin/../lib/gcc/avr/4.2.2/avr5\libgcc.a(_clear_bss.o)
__bss_start                                       c:/winavr-20071221/bin/../lib/gcc/avr/4.2.2/avr5\libgcc.a(_clear_bss.o)
__data_end                                        c:/winavr-20071221/bin/../lib/gcc/avr/4.2.2/../../../../avr/lib/avr5/crtm128.o
__data_load_start                                 c:/winavr-20071221/bin/../lib/gcc/avr/4.2.2/../../../../avr/lib/avr5/crtm128.o
__data_start                                      c:/winavr-20071221/bin/../lib/gcc/avr/4.2.2/../../../../avr/lib/avr5/crtm128.o
__do_clear_bss                                    c:/winavr-20071221/bin/../lib/gcc/avr/4.2.2/avr5\libgcc.a(_clear_bss.o)
                                                  c:/winavr-20071221/bin/../lib/gcc/avr/4.2.2/../../../../avr/lib/avr5\libc.a(fputc.o)
                                                  c:/winavr-20071221/bin/../lib/gcc/avr/4.2.2/../../../../avr/lib/avr5\libc.a(vfprintf_std.o)
                                                  c:/winavr-20071221/bin/../lib/gcc/avr/4.2.2/../../../../avr/lib/avr5\libc.a(sprintf.o)
                                                  ucos_ii.o
                                                  os_cpu_c.o
                                                  new.o
__do_copy_data                                    c:/winavr-20071221/bin/../lib/gcc/avr/4.2.2/../../../../avr/lib/avr5/crtm128.o
                                                  c:/winavr-20071221/bin/../lib/gcc/avr/4.2.2/../../../../avr/lib/avr5\libc.a(fputc.o)
                                                  c:/winavr-20071221/bin/../lib/gcc/avr/4.2.2/../../../../avr/lib/avr5\libc.a(vfprintf_std.o)
                                                  c:/winavr-20071221/bin/../lib/gcc/avr/4.2.2/../../../../avr/lib/avr5\libc.a(sprintf.o)
                                                  ucos_ii.o
                                                  os_cpu_c.o
                                                  new.o
__epilogue_restores__                             c:/winavr-20071221/bin/../lib/gcc/avr/4.2.2/avr5\libgcc.a(_epilogue.o)
                                                  c:/winavr-20071221/bin/../lib/gcc/avr/4.2.2/../../../../avr/lib/avr5\libc.a(sprintf.o)
__heap_end                                        c:/winavr-20071221/bin/../lib/gcc/avr/4.2.2/../../../../avr/lib/avr5/crtm128.o
__init                                            c:/winavr-20071221/bin/../lib/gcc/avr/4.2.2/../../../../avr/lib/avr5/crtm128.o
__mulsi3                                          c:/winavr-20071221/bin/../lib/gcc/avr/4.2.2/avr5\libgcc.a(_mulsi3.o)
                                                  ucos_ii.o
__prologue_saves__                                c:/winavr-20071221/bin/../lib/gcc/avr/4.2.2/avr5\libgcc.a(_prologue.o)
                                                  c:/winavr-20071221/bin/../lib/gcc/avr/4.2.2/../../../../avr/lib/avr5\libc.a(sprintf.o)
__stack                                           c:/winavr-20071221/bin/../lib/gcc/avr/4.2.2/../../../../avr/lib/avr5/crtm128.o
__udivmodsi4                                      c:/winavr-20071221/bin/../lib/gcc/avr/4.2.2/avr5\libgcc.a(_udivmodsi4.o)
                                                  ucos_ii.o
__ultoa_invert                                    c:/winavr-20071221/bin/../lib/gcc/avr/4.2.2/../../../../avr/lib/avr5\libc.a(ultoa_invert.o)
                                                  c:/winavr-20071221/bin/../lib/gcc/avr/4.2.2/../../../../avr/lib/avr5\libc.a(vfprintf_std.o)
__vector_1                                        c:/winavr-20071221/bin/../lib/gcc/avr/4.2.2/../../../../avr/lib/avr5/crtm128.o
__vector_10                                       c:/winavr-20071221/bin/../lib/gcc/avr/4.2.2/../../../../avr/lib/avr5/crtm128.o
__vector_11                                       c:/winavr-20071221/bin/../lib/gcc/avr/4.2.2/../../../../avr/lib/avr5/crtm128.o
__vector_12                                       c:/winavr-20071221/bin/../lib/gcc/avr/4.2.2/../../../../avr/lib/avr5/crtm128.o
__vector_13                                       c:/winavr-20071221/bin/../lib/gcc/avr/4.2.2/../../../../avr/lib/avr5/crtm128.o
__vector_14                                       c:/winavr-20071221/bin/../lib/gcc/avr/4.2.2/../../../../avr/lib/avr5/crtm128.o
__vector_15                                       c:/winavr-20071221/bin/../lib/gcc/avr/4.2.2/../../../../avr/lib/avr5/crtm128.o
__vector_16                                       os_cpu_a.o
                                                  c:/winavr-20071221/bin/../lib/gcc/avr/4.2.2/../../../../avr/lib/avr5/crtm128.o
__vector_17                                       c:/winavr-20071221/bin/../lib/gcc/avr/4.2.2/../../../../avr/lib/avr5/crtm128.o
__vector_18                                       c:/winavr-20071221/bin/../lib/gcc/avr/4.2.2/../../../../avr/lib/avr5/crtm128.o
__vector_19                                       c:/winavr-20071221/bin/../lib/gcc/avr/4.2.2/../../../../avr/lib/avr5/crtm128.o
__vector_2                                        c:/winavr-20071221/bin/../lib/gcc/avr/4.2.2/../../../../avr/lib/avr5/crtm128.o
__vector_20                                       c:/winavr-20071221/bin/../lib/gcc/avr/4.2.2/../../../../avr/lib/avr5/crtm128.o
__vector_21                                       c:/winavr-20071221/bin/../lib/gcc/avr/4.2.2/../../../../avr/lib/avr5/crtm128.o
__vector_22                                       c:/winavr-20071221/bin/../lib/gcc/avr/4.2.2/../../../../avr/lib/avr5/crtm128.o
__vector_23                                       c:/winavr-20071221/bin/../lib/gcc/avr/4.2.2/../../../../avr/lib/avr5/crtm128.o
__vector_24                                       c:/winavr-20071221/bin/../lib/gcc/avr/4.2.2/../../../../avr/lib/avr5/crtm128.o
__vector_25                                       c:/winavr-20071221/bin/../lib/gcc/avr/4.2.2/../../../../avr/lib/avr5/crtm128.o
__vector_26                                       c:/winavr-20071221/bin/../lib/gcc/avr/4.2.2/../../../../avr/lib/avr5/crtm128.o
__vector_27                                       c:/winavr-20071221/bin/../lib/gcc/avr/4.2.2/../../../../avr/lib/avr5/crtm128.o
__vector_28                                       c:/winavr-20071221/bin/../lib/gcc/avr/4.2.2/../../../../avr/lib/avr5/crtm128.o
__vector_29                                       c:/winavr-20071221/bin/../lib/gcc/avr/4.2.2/../../../../avr/lib/avr5/crtm128.o
__vector_3                                        c:/winavr-20071221/bin/../lib/gcc/avr/4.2.2/../../../../avr/lib/avr5/crtm128.o
__vector_30                                       c:/winavr-20071221/bin/../lib/gcc/avr/4.2.2/../../../../avr/lib/avr5/crtm128.o
__vector_31                                       c:/winavr-20071221/bin/../lib/gcc/avr/4.2.2/../../../../avr/lib/avr5/crtm128.o
__vector_32                                       c:/winavr-20071221/bin/../lib/gcc/avr/4.2.2/../../../../avr/lib/avr5/crtm128.o
__vector_33                                       c:/winavr-20071221/bin/../lib/gcc/avr/4.2.2/../../../../avr/lib/avr5/crtm128.o
__vector_34                                       c:/winavr-20071221/bin/../lib/gcc/avr/4.2.2/../../../../avr/lib/avr5/crtm128.o
__vector_4                                        c:/winavr-20071221/bin/../lib/gcc/avr/4.2.2/../../../../avr/lib/avr5/crtm128.o
__vector_5                                        c:/winavr-20071221/bin/../lib/gcc/avr/4.2.2/../../../../avr/lib/avr5/crtm128.o
__vector_6                                        c:/winavr-20071221/bin/../lib/gcc/avr/4.2.2/../../../../avr/lib/avr5/crtm128.o
__vector_7                                        c:/winavr-20071221/bin/../lib/gcc/avr/4.2.2/../../../../avr/lib/avr5/crtm128.o
__vector_8                                        c:/winavr-20071221/bin/../lib/gcc/avr/4.2.2/../../../../avr/lib/avr5/crtm128.o
__vector_9                                        c:/winavr-20071221/bin/../lib/gcc/avr/4.2.2/../../../../avr/lib/avr5/crtm128.o
__vector_default                                  c:/winavr-20071221/bin/../lib/gcc/avr/4.2.2/../../../../avr/lib/avr5/crtm128.o
__vectors                                         c:/winavr-20071221/bin/../lib/gcc/avr/4.2.2/../../../../avr/lib/avr5/crtm128.o
_exit                                             c:/winavr-20071221/bin/../lib/gcc/avr/4.2.2/avr5\libgcc.a(_exit.o)
adc                                               new.o
d                                                 new.o
exit                                              c:/winavr-20071221/bin/../lib/gcc/avr/4.2.2/avr5\libgcc.a(_exit.o)
                                                  c:/winavr-20071221/bin/../lib/gcc/avr/4.2.2/../../../../avr/lib/avr5/crtm128.o
fputc                                             c:/winavr-20071221/bin/../lib/gcc/avr/4.2.2/../../../../avr/lib/avr5\libc.a(fputc.o)
                                                  c:/winavr-20071221/bin/../lib/gcc/avr/4.2.2/../../../../avr/lib/avr5\libc.a(vfprintf_std.o)
main                                              new.o
                                                  c:/winavr-20071221/bin/../lib/gcc/avr/4.2.2/../../../../avr/lib/avr5/crtm128.o
result                                            new.o
s1                                                new.o
s2                                                new.o
sprintf                                           c:/winavr-20071221/bin/../lib/gcc/avr/4.2.2/../../../../avr/lib/avr5\libc.a(sprintf.o)
                                                  new.o
strnlen                                           c:/winavr-20071221/bin/../lib/gcc/avr/4.2.2/../../../../avr/lib/avr5\libc.a(strnlen.o)
                                                  c:/winavr-20071221/bin/../lib/gcc/avr/4.2.2/../../../../avr/lib/avr5\libc.a(vfprintf_std.o)
strnlen_P                                         c:/winavr-20071221/bin/../lib/gcc/avr/4.2.2/../../../../avr/lib/avr5\libc.a(strnlen_P.o)
                                                  c:/winavr-20071221/bin/../lib/gcc/avr/4.2.2/../../../../avr/lib/avr5\libc.a(vfprintf_std.o)
uart                                              new.o
vfprintf                                          c:/winavr-20071221/bin/../lib/gcc/avr/4.2.2/../../../../avr/lib/avr5\libc.a(vfprintf_std.o)
                                                  c:/winavr-20071221/bin/../lib/gcc/avr/4.2.2/../../../../avr/lib/avr5\libc.a(sprintf.o)
