<html>
<body>
<pre>
<h1>µVision Build Log</h1>
<h2>Project:</h2>
Z:\home\quest\Music\cortex\Interrupts\Int_External\ext_int.uvproj
Project File Date:  08/07/2018

<h2>Output:</h2>
Build target 'Target 1'
assembling startup_LPC17xx.s...
compiling ext_int.cpp...
ext_int.cpp(46): error:  #20: identifier "IO2IntEnF" is undefined
Target not created
Build target 'Target 1'
assembling startup_LPC17xx.s...
compiling ext_int.cpp...
ext_int.cpp(3): error:  #5: cannot open source input file "lpc17xx_pinsel.h": No such file or directory
Target not created
Build target 'Target 1'
assembling startup_LPC17xx.s...
compiling ext_int.cpp...
ext_int.cpp(3): error:  #5: cannot open source input file "lpc17xx_gpio.h": No such file or directory
Target not created
Build target 'Target 1'
assembling startup_LPC17xx.s...
compiling ext_int.cpp...
ext_int.cpp(48): error:  #20: identifier "IO2IntEnF" is undefined
ext_int.cpp(77): warning:  #1-D: last line of file ends without a newline
Target not created
Build target 'Target 1'
assembling startup_LPC17xx.s...
compiling ext_int.cpp...
ext_int.cpp(3): error:  #5: cannot open source input file "lpc17xx_gpio.h": No such file or directory
Target not created
Build target 'Target 1'
assembling startup_LPC17xx.s...
compiling ext_int.cpp...
ext_int.cpp(76): warning:  #1-D: last line of file ends without a newline
linking...
Program Size: Code=496 RO-data=272 RW-data=0 ZI-data=608  
FromELF: creating hex file...
"ext_int.axf" - 0 Error(s), 1 Warning(s).
Build target 'Target 1'
assembling startup_LPC17xx.s...
compiling ext_int.cpp...
linking...
Program Size: Code=496 RO-data=272 RW-data=0 ZI-data=608  
FromELF: creating hex file...
"ext_int.axf" - 0 Error(s), 0 Warning(s).
